// Jest Snapshot v1, https://goo.gl/fbAQLP

exports[`Login Form should render Login Form 1`] = `
<div>
  <form>
    <div
      class="chakra-form-control css-0"
      role="group"
    >
      <label
        class="chakra-form__label css-uvho5g"
        for="field-:r0:"
        id="field-:r0:-label"
      >
        Email address
      </label>
      <input
        aria-describedby="field-:r0:-helptext"
        class="chakra-input css-0"
        id="field-:r0:"
        type="email"
      />
      <div
        class="chakra-form__helper-text css-0"
        id="field-:r0:-helptext"
      >
        We'll never share your email.
      </div>
    </div>
  </form>
</div>
`;
